// Jest Snapshot v1, https://goo.gl/fbAQLP

exports[`run something against the mocked server 1`] = `
{
  "feeds": [
    {
      "onestop_id": "Hello World",
    },
    {
      "onestop_id": "Hello World",
    },
  ],
  "routes": [
    {
      "route_id": "VKKZLoG5g0zB",
      "route_type": 2,
    },
    {
      "route_id": ")kgvEPeaw9]2",
      "route_type": 3,
    },
    {
      "route_id": "eHl&Bv6PjHGb",
      "route_type": 3,
    },
    {
      "route_id": "(Jwo!wb!Q!S7",
      "route_type": 1,
    },
    {
      "route_id": "*xq*42%%B#T%",
      "route_type": 3,
    },
  ],
}
`;
